ARM Linker, 5.03 [Build 24] [MDK-ARM Standard]

==============================================================================

Section Cross References

    startup_stm32f10x_hd.o(RESET) refers to startup_stm32f10x_hd.o(STACK) for __initial_sp
    startup_stm32f10x_hd.o(RESET) refers to startup_stm32f10x_hd.o(.text) for Reset_Handler
    startup_stm32f10x_hd.o(RESET) refers to stm32f10x_it.o(.text) for NMI_Handler
    startup_stm32f10x_hd.o(RESET) refers to rtc.o(.text) for RTC_IRQHandler
    startup_stm32f10x_hd.o(RESET) refers to rs485.o(.text) for USART2_IRQHandler
    startup_stm32f10x_hd.o(.text) refers to system_stm32f10x.o(.text) for SystemInit
    startup_stm32f10x_hd.o(.text) refers to entry.o(.ARM.Collect$$$$00000000) for __main
    main.o(.text) refers to dfltui.o(.text) for __aeabi_ui2d
    main.o(.text) refers to cdcmple.o(.text) for __aeabi_cdcmple
    main.o(.text) refers to dfixui.o(.text) for __aeabi_d2uiz
    main.o(.text) refers to read_write_flash.o(.text) for flash_write_time_volitage
    main.o(.text) refers to stm32f10x_it.o(.text) for buzzer_tick
    main.o(.text) refers to stm32f10x_gpio.o(.text) for GPIO_ResetBits
    main.o(.text) refers to display12864.o(.text) for WriteCmd
    main.o(.text) refers to show.o(.text) for Update_rtc_time
    main.o(.text) refers to delay.o(.text) for delay_init
    main.o(.text) refers to time_test.o(.text) for TIM2_NVIC_Configuration
    main.o(.text) refers to adc.o(.text) for ADC1_GPIO
    main.o(.text) refers to key.o(.text) for EXTI_PB4_Config
    main.o(.text) refers to rtc.o(.text) for NVIC_Configuration
    main.o(.text) refers to rs485.o(.text) for RS485_Init
    main.o(.text) refers to uart1.o(.text) for uart_init
    main.o(.text) refers to stm32f10x_rcc.o(.text) for RCC_APB1PeriphClockCmd
    main.o(.text) refers to stm32f10x_tim.o(.text) for TIM_Cmd
    main.o(.text) refers to operating.o(.text) for operating_12864_system
    main.o(.text) refers to f2d.o(.text) for __aeabi_f2d
    main.o(.text) refers to dflti.o(.text) for __aeabi_i2d
    main.o(.text) refers to dmul.o(.text) for __aeabi_dmul
    main.o(.text) refers to dscalb.o(.text) for __ARM_scalbn
    main.o(.text) refers to dadd.o(.text) for __aeabi_dsub
    main.o(.text) refers to pow.o(i.pow) for pow
    main.o(.text) refers to ddiv.o(.text) for __aeabi_ddiv
    main.o(.text) refers to sqrt.o(i.sqrt) for sqrt
    main.o(.text) refers to operating.o(.data) for start_v
    main.o(.text) refers to main.o(.data) for .data
    main.o(.text) refers to main.o(.bss) for .bss
    main.o(.text) refers to stm32f10x_it.o(.bss) for ad_data
    main.o(.text) refers to adc.o(.data) for start_voltage0
    main.o(.text) refers to stm32f10x_it.o(.data) for time_s
    stm32f10x_it.o(.text) refers to stm32f10x_tim.o(.text) for TIM_GetITStatus
    stm32f10x_it.o(.text) refers to adc.o(.text) for ADC_work
    stm32f10x_it.o(.text) refers to ffixi.o(.text) for __aeabi_f2iz
    stm32f10x_it.o(.text) refers to main.o(.text) for get_adc_real
    stm32f10x_it.o(.text) refers to stm32f10x_gpio.o(.text) for GPIO_ResetBits
    stm32f10x_it.o(.text) refers to stm32f10x_exti.o(.text) for EXTI_GetITStatus
    stm32f10x_it.o(.text) refers to delay.o(.text) for Delay_ms
    stm32f10x_it.o(.text) refers to stm32f10x_usart.o(.text) for USART_GetITStatus
    stm32f10x_it.o(.text) refers to crc8_16.o(.text) for Get_Crc16
    stm32f10x_it.o(.text) refers to stm32f10x_it.o(.data) for .data
    stm32f10x_it.o(.text) refers to stm32f10x_it.o(.bss) for .bss
    stm32f10x_it.o(.text) refers to operating.o(.data) for buzzer_tick_flag
    stm32f10x_it.o(.text) refers to main.o(.data) for start_addr
    stm32f10x_adc.o(.text) refers to stm32f10x_rcc.o(.text) for RCC_APB2PeriphResetCmd
    stm32f10x_bkp.o(.text) refers to stm32f10x_rcc.o(.text) for RCC_BackupResetCmd
    stm32f10x_can.o(.text) refers to stm32f10x_rcc.o(.text) for RCC_APB1PeriphResetCmd
    stm32f10x_cec.o(.text) refers to stm32f10x_rcc.o(.text) for RCC_APB1PeriphResetCmd
    stm32f10x_dac.o(.text) refers to stm32f10x_rcc.o(.text) for RCC_APB1PeriphResetCmd
    stm32f10x_gpio.o(.text) refers to stm32f10x_rcc.o(.text) for RCC_APB2PeriphResetCmd
    stm32f10x_i2c.o(.text) refers to stm32f10x_rcc.o(.text) for RCC_APB1PeriphResetCmd
    stm32f10x_pwr.o(.text) refers to stm32f10x_rcc.o(.text) for RCC_APB1PeriphResetCmd
    stm32f10x_rcc.o(.text) refers to stm32f10x_rcc.o(.data) for .data
    stm32f10x_spi.o(.text) refers to stm32f10x_rcc.o(.text) for RCC_APB2PeriphResetCmd
    stm32f10x_tim.o(.text) refers to stm32f10x_rcc.o(.text) for RCC_APB1PeriphResetCmd
    stm32f10x_usart.o(.text) refers to stm32f10x_rcc.o(.text) for RCC_APB2PeriphResetCmd
    stm32f10x_wwdg.o(.text) refers to stm32f10x_rcc.o(.text) for RCC_APB1PeriphResetCmd
    system_stm32f10x.o(.text) refers to system_stm32f10x.o(.data) for .data
    rtc.o(.text) refers to stm32f10x_pwr.o(.text) for PWR_BackupAccessCmd
    rtc.o(.text) refers to stm32f10x_rtc.o(.text) for RTC_WaitForLastTask
[...]
    Removing stm32f10x_crc.o(.text), (64 bytes).
    Removing stm32f10x_dac.o(.text), (252 bytes).
    Removing stm32f10x_dbgmcu.o(.text), (40 bytes).
    Removing stm32f10x_fsmc.o(.text), (1122 bytes).
    Removing stm32f10x_i2c.o(.text), (804 bytes).
    Removing stm32f10x_iwdg.o(.text), (60 bytes).
    Removing stm32f10x_sdio.o(.text), (428 bytes).
    Removing stm32f10x_spi.o(.text), (628 bytes).
    Removing stm32f10x_wwdg.o(.text), (120 bytes).
    Removing core_cm3.o(.emb_text), (32 bytes).
    Removing operating.o(.data), (4 bytes).
    Removing operating.o(.data), (4 bytes).

20 unused section(s) (total 6132 bytes) removed from the image.

==============================================================================

Image Symbol Table

    Local Symbols

    Symbol Name                              Value     Ov Type        Size  Object(Section)

    ../clib/microlib/errno.c                 0x00000000   Number         0  errno.o ABSOLUTE
    ../clib/microlib/init/entry.s            0x00000000   Number         0  entry10a.o ABSOLUTE
    ../clib/microlib/init/entry.s            0x00000000   Number         0  entry11b.o ABSOLUTE
    ../clib/microlib/init/entry.s            0x00000000   Number         0  entry11a.o ABSOLUTE
    ../clib/microlib/init/entry.s            0x00000000   Number         0  entry10b.o ABSOLUTE
    ../clib/microlib/init/entry.s            0x00000000   Number         0  entry7b.o ABSOLUTE
    ../clib/microlib/init/entry.s            0x00000000   Number         0  entry9b.o ABSOLUTE
    ../clib/microlib/init/entry.s            0x00000000   Number         0  entry9a.o ABSOLUTE
    ../clib/microlib/init/entry.s            0x00000000   Number         0  entry8b.o ABSOLUTE
    ../clib/microlib/init/entry.s            0x00000000   Number         0  entry8a.o ABSOLUTE
    ../clib/microlib/init/entry.s            0x00000000   Number         0  entry5.o ABSOLUTE
    ../clib/microlib/init/entry.s            0x00000000   Number         0  entry2.o ABSOLUTE
    ../clib/microlib/init/entry.s            0x00000000   Number         0  entry7a.o ABSOLUTE
    ../clib/microlib/init/entry.s            0x00000000   Number         0  entry.o ABSOLUTE
    ../clib/microlib/longlong.c              0x00000000   Number         0  llsshr.o ABSOLUTE
    ../clib/microlib/longlong.c              0x00000000   Number         0  llushr.o ABSOLUTE
    ../clib/microlib/longlong.c              0x00000000   Number         0  llshl.o ABSOLUTE
    ../clib/microlib/stubs.s                 0x00000000   Number         0  iusefp.o ABSOLUTE
    ../fplib/microlib/d2f.c                  0x00000000   Number         0  d2f.o ABSOLUTE
    ../fplib/microlib/f2d.c                  0x00000000   Number         0  f2d.o ABSOLUTE
    ../fplib/microlib/fpadd.c                0x00000000   Number         0  dadd.o ABSOLUTE
    ../fplib/microlib/fpdiv.c                0x00000000   Number         0  ddiv.o ABSOLUTE
    ../fplib/microlib/fpepilogue.c           0x00000000   Number         0  depilogue.o ABSOLUTE
    ../fplib/microlib/fpepilogue.c           0x00000000   Number         0  fepilogue.o ABSOLUTE
    ../fplib/microlib/fpfix.c                0x00000000   Number         0  ffixi.o ABSOLUTE
    ../fplib/microlib/fpfix.c                0x00000000   Number         0  dfixui.o ABSOLUTE
    ../fplib/microlib/fpflt.c                0x00000000   Number         0  dfltui.o ABSOLUTE
    ../fplib/microlib/fpflt.c                0x00000000   Number         0  dflti.o ABSOLUTE
    ../fplib/microlib/fpflt.c                0x00000000   Number         0  ffltui.o ABSOLUTE
    ../fplib/microlib/fpmul.c                0x00000000   Number         0  fmul.o ABSOLUTE
    ../fplib/microlib/fpmul.c                0x00000000   Number         0  dmul.o ABSOLUTE
    ../fplib/microlib/fpscalb.c              0x00000000   Number         0  dscalb.o ABSOLUTE
    ../fplib/microlib/fpsqrt.c               0x00000000   Number         0  dsqrt.o ABSOLUTE
    ../mathlib/dunder.c                      0x00000000   Number         0  dunder.o ABSOLUTE
    ../mathlib/fpclassify.c                  0x00000000   Number         0  fpclassify.o ABSOLUTE
    ../mathlib/poly.c                        0x00000000   Number         0  poly.o ABSOLUTE
    ../mathlib/pow.c                         0x00000000   Number         0  pow.o ABSOLUTE
    ../mathlib/pow.c                         0x00000000   Number         0  pow_x.o ABSOLUTE
    ../mathlib/qnan.c                        0x00000000   Number         0  qnan.o ABSOLUTE
    ../mathlib/sqrt.c                        0x00000000   Number         0  sqrt.o ABSOLUTE
    ../mathlib/sqrt.c                        0x00000000   Number         0  sqrt_x.o ABSOLUTE
    ..\CMSIS\core_cm3.c                      0x00000000   Number         0  core_cm3.o ABSOLUTE
    ..\CMSIS\startup\startup_stm32f10x_hd.s  0x00000000   Number         0  startup_stm32f10x_hd.o ABSOLUTE
    ..\CMSIS\system_stm32f10x.c              0x00000000   Number         0  system_stm32f10x.o ABSOLUTE
    ..\FWlib\src\misc.c                      0x00000000   Number         0  misc.o ABSOLUTE
    ..\FWlib\src\stm32f10x_adc.c             0x00000000   Number         0  stm32f10x_adc.o ABSOLUTE
    ..\FWlib\src\stm32f10x_bkp.c             0x00000000   Number         0  stm32f10x_bkp.o ABSOLUTE
    ..\FWlib\src\stm32f10x_can.c             0x00000000   Number         0  stm32f10x_can.o ABSOLUTE
    ..\FWlib\src\stm32f10x_cec.c             0x00000000   Number         0  stm32f10x_cec.o ABSOLUTE
    ..\FWlib\src\stm32f10x_crc.c             0x00000000   Number         0  stm32f10x_crc.o ABSOLUTE
    ..\FWlib\src\stm32f10x_dac.c             0x00000000   Number         0  stm32f10x_dac.o ABSOLUTE
    ..\FWlib\src\stm32f10x_dbgmcu.c          0x00000000   Number         0  stm32f10x_dbgmcu.o ABSOLUTE
    ..\FWlib\src\stm32f10x_dma.c             0x00000000   Number         0  stm32f10x_dma.o ABSOLUTE
    ..\FWlib\src\stm32f10x_exti.c            0x00000000   Number         0  stm32f10x_exti.o ABSOLUTE
    ..\FWlib\src\stm32f10x_flash.c           0x00000000   Number         0  stm32f10x_flash.o ABSOLUTE
    ..\FWlib\src\stm32f10x_fsmc.c            0x00000000   Number         0  stm32f10x_fsmc.o ABSOLUTE
    ..\FWlib\src\stm32f10x_gpio.c            0x00000000   Number         0  stm32f10x_gpio.o ABSOLUTE
    ..\FWlib\src\stm32f10x_i2c.c             0x00000000   Number         0  stm32f10x_i2c.o ABSOLUTE
    ..\FWlib\src\stm32f10x_iwdg.c            0x00000000   Number         0  stm32f10x_iwdg.o ABSOLUTE
    ..\FWlib\src\stm32f10x_pwr.c             0x00000000   Number         0  stm32f10x_pwr.o ABSOLUTE
    ..\FWlib\src\stm32f10x_rcc.c             0x00000000   Number         0  stm32f10x_rcc.o ABSOLUTE
    ..\FWlib\src\stm32f10x_rtc.c             0x00000000   Number         0  stm32f10x_rtc.o ABSOLUTE
    ..\FWlib\src\stm32f10x_sdio.c            0x00000000   Number         0  stm32f10x_sdio.o ABSOLUTE
    ..\FWlib\src\stm32f10x_spi.c             0x00000000   Number         0  stm32f10x_spi.o ABSOLUTE
    ..\FWlib\src\stm32f10x_tim.c             0x00000000   Number         0  stm32f10x_tim.o ABSOLUTE
    ..\FWlib\src\stm32f10x_usart.c           0x00000000   Number         0  stm32f10x_usart.o ABSOLUTE
    ..\FWlib\src\stm32f10x_wwdg.c            0x00000000   Number         0  stm32f10x_wwdg.o ABSOLUTE
    ..\HARDWARE\12864\display12864.c         0x00000000   Number         0  display12864.o ABSOLUTE
    ..\HARDWARE\ADC\adc.c                    0x00000000   Number         0  adc.o ABSOLUTE
    ..\HARDWARE\CRC8_16\crc8_16.c            0x00000000   Number         0  crc8_16.o ABSOLUTE
    ..\HARDWARE\Operating\operating.c        0x00000000   Number         0  operating.o ABSOLUTE
    ..\HARDWARE\eeprom\eeprom.c              0x00000000   Number         0  eeprom.o ABSOLUTE
    ..\HARDWARE\key\key.c                    0x00000000   Number         0  key.o ABSOLUTE
    ..\HARDWARE\read_write_flash\read_write_flash.c 0x00000000   Number         0  read_write_flash.o ABSOLUTE
    ..\HARDWARE\rs485\rs485.c                0x00000000   Number         0  rs485.o ABSOLUTE
    ..\HARDWARE\show\show.c                  0x00000000   Number         0  show.o ABSOLUTE
    ..\HARDWARE\usart1\uart1.c               0x00000000   Number         0  uart1.o ABSOLUTE
    ..\\CMSIS\\core_cm3.c                    0x00000000   Number         0  core_cm3.o ABSOLUTE
    ..\system\TIME2\Time_test.c              0x00000000   Number         0  time_test.o ABSOLUTE
    ..\system\delay\delay.c                  0x00000000   Number         0  delay.o ABSOLUTE
    ..\system\rtc\RTC.c                      0x00000000   Number         0  rtc.o ABSOLUTE
    ..\system\sys\sys.c                      0x00000000   Number         0  sys.o ABSOLUTE
    cdcmple.s                                0x00000000   Number         0  cdcmple.o ABSOLUTE
    cdrcmple.s                               0x00000000   Number         0  cdrcmple.o ABSOLUTE
    dc.s                                     0x00000000   Number         0  dc.o ABSOLUTE
    handlers.s                               0x00000000   Number         0  handlers.o ABSOLUTE
    init.s                                   0x00000000   Number         0  init.o ABSOLUTE
    main.c                                   0x00000000   Number         0  main.o ABSOLUTE
    stm32f10x_it.c                           0x00000000   Number         0  stm32f10x_it.o ABSOLUTE
    RESET                                    0x08000000   Section      304  startup_stm32f10x_hd.o(RESET)
    .ARM.Collect$$$$00000000                 0x08000130   Section        0  entry.o(.ARM.Collect$$$$00000000)
    .ARM.Collect$$$$00000001                 0x08000130   Section        4  entry2.o(.ARM.Collect$$$$00000001)
    .ARM.Collect$$$$00000004                 0x08000134   Section        4  entry5.o(.ARM.Collect$$$$00000004)
    .ARM.Collect$$$$00000008                 0x08000138   Section        0  entry7b.o(.ARM.Collect$$$$00000008)
    .ARM.Collect$$$$0000000A                 0x08000138   Section        0  entry8b.o(.ARM.Collect$$$$0000000A)
    .ARM.Collect$$$$0000000B                 0x08000138   Section        8  entry9a.o(.ARM.Collect$$$$0000000B)
    .ARM.Collect$$$$0000000D                 0x08000140   Section        0  entry10a.o(.ARM.Collect$$$$0000000D)
    .ARM.Collect$$$$0000000F                 0x08000140   Section        0  entry11a.o(.ARM.Collect$$$$0000000F)
    .ARM.Collect$$$$00002712                 0x08000140   Section        4  entry2.o(.ARM.Collect$$$$00002712)
    __lit__00000000                          0x08000140   Data           4  entry2.o(.ARM.Collect$$$$00002712)
    .text                                    0x08000144   Section       36  startup_stm32f10x_hd.o(.text)
    .text                                    0x08000168   Section        0  main.o(.text)
    .text                                    0x0800056c   Section        0  stm32f10x_it.o(.text)
    .text                                    0x0800083c   Section        0  misc.o(.text)
    .text                                    0x080008ec   Section        0  stm32f10x_adc.o(.text)
    .text                                    0x08000c1c   Section        0  stm32f10x_bkp.o(.text)
    .text                                    0x08000cb4   Section        0  stm32f10x_dma.o(.text)
    .text                                    0x08000e7c   Section        0  stm32f10x_exti.o(.text)
    .text                                    0x08000f64   Section        0  stm32f10x_flash.o(.text)
    .text                                    0x080013e0   Section        0  stm32f10x_gpio.o(.text)
    .text                                    0x08001644   Section        0  stm32f10x_pwr.o(.text)
    .text                                    0x080016f0   Section        0  stm32f10x_rcc.o(.text)
    .text                                    0x080019a8   Section        0  stm32f10x_rtc.o(.text)
    .text                                    0x08001ab8   Section        0  stm32f10x_tim.o(.text)
    TI2_Config                               0x08001e4b   Thumb Code   166  stm32f10x_tim.o(.text)
    TI1_Config                               0x08001f01   Thumb Code    88  stm32f10x_tim.o(.text)
    .text                                    0x080025ac   Section        0  stm32f10x_usart.o(.text)
    .text                                    0x080028dc   Section        0  system_stm32f10x.o(.text)
    SetSysClockTo72                          0x080028dd   Thumb Code   160  system_stm32f10x.o(.text)
    .text                                    0x08002a34   Section        0  rtc.o(.text)
    .text                                    0x08002de8   Section        0  delay.o(.text)
    .text                                    0x08002e5c   Section        0  time_test.o(.text)
    .text                                    0x08002ee0   Section        0  adc.o(.text)
    .text                                    0x080030dc   Section        0  key.o(.text)
    .text                                    0x08003244   Section        0  eeprom.o(.text)
    EE_FindValidPage                         0x08003245   Thumb Code    52  eeprom.o(.text)
    EE_VerifyPageFullWriteVariable           0x08003279   Thumb Code    72  eeprom.o(.text)
    EE_Format                                0x0800343b   Thumb Code    38  eeprom.o(.text)
    EE_PageTransfer                          0x08003461   Thumb Code   144  eeprom.o(.text)
    .text                                    0x080034fc   Section        0  display12864.o(.text)
    .text                                    0x080037cc   Section        0  show.o(.text)
    .text                                    0x08004588   Section        0  operating.o(.text)
    .text                                    0x08005100   Section        0  crc8_16.o(.text)
    .text                                    0x08005164   Section        0  read_write_flash.o(.text)
    .text                                    0x080052b4   Section        0  rs485.o(.text)
    .text                                    0x080054dc   Section        0  uart1.o(.text)
    .text                                    0x08005684   Section        0  fmul.o(.text)
    .text                                    0x080056f0   Section        0  dadd.o(.text)
    .text                                    0x0800583e   Section        0  dmul.o(.text)
    .text                                    0x08005922   Section        0  ddiv.o(.text)
    .text                                    0x08005a00   Section        0  dscalb.o(.text)
    .text                                    0x08005a2e   Section        0  ffltui.o(.text)
    .text                                    0x08005a38   Section        0  dflti.o(.text)
    .text                                    0x08005a5a   Section        0  dfltui.o(.text)
    .text                                    0x08005a74   Section        0  ffixi.o(.text)
    .text                                    0x08005aa6   Section        0  dfixui.o(.text)
    .text                                    0x08005ad8   Section        0  f2d.o(.text)
    .text                                    0x08005b00   Section       40  cdcmple.o(.text)
    .text                                    0x08005b28   Section        0  d2f.o(.text)
    .text                                    0x08005b60   Section        0  llshl.o(.text)
    .text                                    0x08005b7e   Section        0  llushr.o(.text)
    .text                                    0x08005b9e   Section        0  llsshr.o(.text)
    .text                                    0x08005bc2   Section        0  iusefp.o(.text)
    .text                                    0x08005bc2   Section        0  fepilogue.o(.text)
    .text                                    0x08005c2e   Section        0  depilogue.o(.text)
    .text                                    0x08005cec   Section        0  dsqrt.o(.text)
    .text                                    0x08005d90   Section       40  cdrcmple.o(.text)
    .text                                    0x08005db8   Section       36  init.o(.text)
    i.__ARM_fpclassify                       0x08005ddc   Section        0  fpclassify.o(i.__ARM_fpclassify)
    i.__kernel_poly                          0x08005e04   Section        0  poly.o(i.__kernel_poly)
    i.__mathlib_dbl_underflow                0x08005eb0   Section        0  dunder.o(i.__mathlib_dbl_underflow)
    i.__scatterload_copy                     0x08005ec0   Section       14  handlers.o(i.__scatterload_copy)
    i.__scatterload_null                     0x08005ece   Section        2  handlers.o(i.__scatterload_null)
    i.__scatterload_zeroinit                 0x08005ed0   Section       14  handlers.o(i.__scatterload_zeroinit)
    i.__set_errno                            0x08005ee0   Section        0  errno.o(i.__set_errno)
    i.pow                                    0x08005eec   Section        0  pow.o(i.pow)
    i.sqrt                                   0x080068cc   Section        0  sqrt.o(i.sqrt)
    .constdata                               0x0800691a   Section       24  rtc.o(.constdata)
    .constdata                               0x08006932   Section      512  crc8_16.o(.constdata)
    .constdata                               0x08006b38   Section      136  pow.o(.constdata)
    bp                                       0x08006b38   Data          16  pow.o(.constdata)
    dp_h                                     0x08006b48   Data          16  pow.o(.constdata)
    dp_l                                     0x08006b58   Data          16  pow.o(.constdata)
    L                                        0x08006b68   Data          48  pow.o(.constdata)
    P                                        0x08006b98   Data          40  pow.o(.constdata)
    .constdata                               0x08006bc0   Section        8  qnan.o(.constdata)
    .data                                    0x20000000   Section       32  main.o(.data)
    .data                                    0x20000020   Section        4  main.o(.data)
    .data                                    0x20000024   Section       38  stm32f10x_it.o(.data)
    .data                                    0x2000004a   Section       20  stm32f10x_rcc.o(.data)
    ADCPrescTable                            0x2000004a   Data           4  stm32f10x_rcc.o(.data)
    APBAHBPrescTable                         0x2000004e   Data          16  stm32f10x_rcc.o(.data)
    .data                                    0x20000060   Section       20  system_stm32f10x.o(.data)
    .data                                    0x20000074   Section        4  rtc.o(.data)
    daycnt                                   0x20000076   Data           2  rtc.o(.data)
    .data                                    0x20000078   Section        4  delay.o(.data)
    fac_us                                   0x20000078   Data           1  delay.o(.data)
    fac_ms                                   0x2000007a   Data           2  delay.o(.data)
    .data                                    0x2000007c   Section        8  adc.o(.data)
    .data                                    0x20000084   Section        8  eeprom.o(.data)
    .data                                    0x2000008c   Section        4  display12864.o(.data)
    .data                                    0x20000090   Section        1  show.o(.data)
    .data                                    0x20000094   Section       76  operating.o(.data)
    .data                                    0x200000e0   Section        4  operating.o(.data)
    .data                                    0x200000e4   Section       24  rs485.o(.data)
    .data                                    0x200000fc   Section        4  errno.o(.data)
    _errno                                   0x200000fc   Data           4  errno.o(.data)
    .bss                                     0x20000100   Section      700  main.o(.bss)
    .bss                                     0x200003bc   Section     1630  stm32f10x_it.o(.bss)
    .bss                                     0x20000a1a   Section       10  rtc.o(.bss)
    .bss                                     0x20000a24   Section      800  adc.o(.bss)
    .bss                                     0x20000d44   Section       14  read_write_flash.o(.bss)
    .bss                                     0x20000d52   Section     1500  rs485.o(.bss)
    STACK                                    0x20001330   Section     1024  startup_stm32f10x_hd.o(STACK)

    Global Symbols

    Symbol Name                              Value     Ov Type        Size  Object(Section)

    BuildAttributes$$THM_ISAv4$P$D$K$B$S$PE$A:L22UL41UL21$X:L11$S22US41US21$IEEE1$IW$USESV6$~STKCKD$USESV7$~SHL$OTIME$ROPI$IEEEX$EBA8$MICROLIB$REQ8$PRES8$EABIv2 0x00000000   Number         0  anon$$obj.o ABSOLUTE
    __ARM_use_no_argv                        0x00000000   Number         0  main.o ABSOLUTE
    __cpp_initialize__aeabi_                  - Undefined Weak Reference
    __cxa_finalize                            - Undefined Weak Reference
    __decompress                              - Undefined Weak Reference
    _clock_init                               - Undefined Weak Reference
    _microlib_exit                            - Undefined Weak Reference
    __Vectors_Size                           0x00000130   Number         0  startup_stm32f10x_hd.o ABSOLUTE
    __Vectors                                0x08000000   Data           4  startup_stm32f10x_hd.o(RESET)
    __Vectors_End                            0x08000130   Data           0  startup_stm32f10x_hd.o(RESET)
    __main                                   0x08000131   Thumb Code     0  entry.o(.ARM.Collect$$$$00000000)
    _main_stk                                0x08000131   Thumb Code     0  entry2.o(.ARM.Collect$$$$00000001)
    _main_scatterload                        0x08000135   Thumb Code     0  entry5.o(.ARM.Collect$$$$00000004)
    __main_after_scatterload                 0x08000139   Thumb Code     0  entry5.o(.ARM.Collect$$$$00000004)
    _main_clock                              0x08000139   Thumb Code     0  entry7b.o(.ARM.Collect$$$$00000008)
    _main_cpp_init                           0x08000139   Thumb Code     0  entry8b.o(.ARM.Collect$$$$0000000A)
    _main_init                               0x08000139   Thumb Code     0  entry9a.o(.ARM.Collect$$$$0000000B)
    __rt_final_cpp                           0x08000141   Thumb Code     0  entry10a.o(.ARM.Collect$$$$0000000D)
    __rt_final_exit                          0x08000141   Thumb Code     0  entry11a.o(.ARM.Collect$$$$0000000F)
    Reset_Handler                            0x08000145   Thumb Code     8  startup_stm32f10x_hd.o(.text)
    ADC1_2_IRQHandler                        0x0800015f   Thumb Code     0  startup_stm32f10x_hd.o(.text)
    ADC3_IRQHandler                          0x0800015f   Thumb Code     0  startup_stm32f10x_hd.o(.text)
    CAN1_RX1_IRQHandler                      0x0800015f   Thumb Code     0  startup_stm32f10x_hd.o(.text)
    CAN1_SCE_IRQHandler                      0x0800015f   Thumb Code     0  startup_stm32f10x_hd.o(.text)
    DMA1_Channel1_IRQHandler                 0x0800015f   Thumb Code     0  startup_stm32f10x_hd.o(.text)
    DMA1_Channel2_IRQHandler                 0x0800015f   Thumb Code     0  startup_stm32f10x_hd.o(.text)
    DMA1_Channel3_IRQHandler                 0x0800015f   Thumb Code     0  startup_stm32f10x_hd.o(.text)
    DMA1_Channel4_IRQHandler                 0x0800015f   Thumb Code     0  startup_stm32f10x_hd.o(.text)
    DMA1_Channel5_IRQHandler                 0x0800015f   Thumb Code     0  startup_stm32f10x_hd.o(.text)
    DMA1_Channel6_IRQHandler                 0x0800015f   Thumb Code     0  startup_stm32f10x_hd.o(.text)
    DMA1_Channel7_IRQHandler                 0x0800015f   Thumb Code     0  startup_stm32f10x_hd.o(.text)
    DMA2_Channel1_IRQHandler                 0x0800015f   Thumb Code     0  startup_stm32f10x_hd.o(.text)
    DMA2_Channel2_IRQHandler                 0x0800015f   Thumb Code     0  startup_stm32f10x_hd.o(.text)
    DMA2_Channel3_IRQHandler                 0x0800015f   Thumb Code     0  startup_stm32f10x_hd.o(.text)
    DMA2_Channel4_5_IRQHandler               0x0800015f   Thumb Code     0  startup_stm32f10x_hd.o(.text)
    EXTI0_IRQHandler                         0x0800015f   Thumb Code     0  startup_stm32f10x_hd.o(.text)
    EXTI1_IRQHandler                         0x0800015f   Thumb Code     0  startup_stm32f10x_hd.o(.text)
    EXTI2_IRQHandler                         0x0800015f   Thumb Code     0  startup_stm32f10x_hd.o(.text)
    EXTI3_IRQHandler                         0x0800015f   Thumb Code     0  startup_stm32f10x_hd.o(.text)
    FLASH_IRQHandler                         0x0800015f   Thumb Code     0  startup_stm32f10x_hd.o(.text)
    FSMC_IRQHandler                          0x0800015f   Thumb Code     0  startup_stm32f10x_hd.o(.text)
    I2C1_ER_IRQHandler                       0x0800015f   Thumb Code     0  startup_stm32f10x_hd.o(.text)
    I2C1_EV_IRQHandler                       0x0800015f   Thumb Code     0  startup_stm32f10x_hd.o(.text)
    I2C2_ER_IRQHandler                       0x0800015f   Thumb Code     0  startup_stm32f10x_hd.o(.text)
    I2C2_EV_IRQHandler                       0x0800015f   Thumb Code     0  startup_stm32f10x_hd.o(.text)
    PVD_IRQHandler                           0x0800015f   Thumb Code     0  startup_stm32f10x_hd.o(.text)
    RCC_IRQHandler                           0x0800015f   Thumb Code     0  startup_stm32f10x_hd.o(.text)
    RTCAlarm_IRQHandler                      0x0800015f   Thumb Code     0  startup_stm32f10x_hd.o(.text)
    SDIO_IRQHandler                          0x0800015f   Thumb Code     0  startup_stm32f10x_hd.o(.text)
    SPI1_IRQHandler                          0x0800015f   Thumb Code     0  startup_stm32f10x_hd.o(.text)
    SPI2_IRQHandler                          0x0800015f   Thumb Code     0  startup_stm32f10x_hd.o(.text)
    SPI3_IRQHandler                          0x0800015f   Thumb Code     0  startup_stm32f10x_hd.o(.text)
    TAMPER_IRQHandler                        0x0800015f   Thumb Code     0  startup_stm32f10x_hd.o(.text)
    TIM1_BRK_IRQHandler                      0x0800015f   Thumb Code     0  startup_stm32f10x_hd.o(.text)
    TIM1_CC_IRQHandler                       0x0800015f   Thumb Code     0  startup_stm32f10x_hd.o(.text)
    TIM1_TRG_COM_IRQHandler                  0x0800015f   Thumb Code     0  startup_stm32f10x_hd.o(.text)
    TIM1_UP_IRQHandler                       0x0800015f   Thumb Code     0  startup_stm32f10x_hd.o(.text)
    TIM3_IRQHandler                          0x0800015f   Thumb Code     0  startup_stm32f10x_hd.o(.text)
    TIM4_IRQHandler                          0x0800015f   Thumb Code     0  startup_stm32f10x_hd.o(.text)
    TIM5_IRQHandler                          0x0800015f   Thumb Code     0  startup_stm32f10x_hd.o(.text)
    TIM6_IRQHandler                          0x0800015f   Thumb Code     0  startup_stm32f10x_hd.o(.text)
    TIM7_IRQHandler                          0x0800015f   Thumb Code     0  startup_stm32f10x_hd.o(.text)
    TIM8_BRK_IRQHandler                      0x0800015f   Thumb Code     0  startup_stm32f10x_hd.o(.text)
    TIM8_CC_IRQHandler                       0x0800015f   Thumb Code     0  startup_stm32f10x_hd.o(.text)
    TIM8_TRG_COM_IRQHandler                  0x0800015f   Thumb Code     0  startup_stm32f10x_hd.o(.text)
    TIM8_UP_IRQHandler                       0x0800015f   Thumb Code     0  startup_stm32f10x_hd.o(.text)
    UART4_IRQHandler                         0x0800015f   Thumb Code     0  startup_stm32f10x_hd.o(.text)
    UART5_IRQHandler                         0x0800015f   Thumb Code     0  startup_stm32f10x_hd.o(.text)
    USART3_IRQHandler                        0x0800015f   Thumb Code     0  startup_stm32f10x_hd.o(.text)
    USBWakeUp_IRQHandler                     0x0800015f   Thumb Code     0  startup_stm32f10x_hd.o(.text)
    USB_HP_CAN1_TX_IRQHandler                0x0800015f   Thumb Code     0  startup_stm32f10x_hd.o(.text)
    USB_LP_CAN1_RX0_IRQHandler               0x0800015f   Thumb Code     0  startup_stm32f10x_hd.o(.text)
    WWDG_IRQHandler                          0x0800015f   Thumb Code     0  startup_stm32f10x_hd.o(.text)
    time_and_voltage                         0x08000169   Thumb Code   260  main.o(.text)
    main                                     0x0800026d   Thumb Code   322  main.o(.text)
    get_adc_real                             0x080003af   Thumb Code   274  main.o(.text)
    read_flash_cache                         0x080004c1   Thumb Code    28  main.o(.text)
    TIM2_IRQHandler                          0x0800056d   Thumb Code    94  stm32f10x_it.o(.text)
    buzzer_tick                              0x080005cb   Thumb Code    58  stm32f10x_it.o(.text)
    EXTI4_IRQHandler                         0x08000605   Thumb Code    44  stm32f10x_it.o(.text)
    EXTI9_5_IRQHandler                       0x08000631   Thumb Code    78  stm32f10x_it.o(.text)
    EXTI15_10_IRQHandler                     0x0800067f   Thumb Code    48  stm32f10x_it.o(.text)
    CLR_RX1                                  0x080006af   Thumb Code    24  stm32f10x_it.o(.text)
    USART1_IRQHandler                        0x080006c7   Thumb Code   322  stm32f10x_it.o(.text)
    NMI_Handler                              0x08000809   Thumb Code     2  stm32f10x_it.o(.text)
    HardFault_Handler                        0x0800080b   Thumb Code     2  stm32f10x_it.o(.text)
    MemManage_Handler                        0x0800080d   Thumb Code     2  stm32f10x_it.o(.text)
    BusFault_Handler                         0x0800080f   Thumb Code     2  stm32f10x_it.o(.text)
    UsageFault_Handler                       0x08000811   Thumb Code     2  stm32f10x_it.o(.text)
    SVC_Handler                              0x08000813   Thumb Code     2  stm32f10x_it.o(.text)
    DebugMon_Handler                         0x08000815   Thumb Code     2  stm32f10x_it.o(.text)
    PendSV_Handler                           0x08000817   Thumb Code     2  stm32f10x_it.o(.text)
    SysTick_Handler                          0x08000819   Thumb Code     2  stm32f10x_it.o(.text)
    NVIC_PriorityGroupConfig                 0x0800083d   Thumb Code    10  misc.o(.text)
    NVIC_Init                                0x08000847   Thumb Code    90  misc.o(.text)
    NVIC_SetVectorTable                      0x080008a1   Thumb Code    14  misc.o(.text)
    NVIC_SystemLPConfig                      0x080008af   Thumb Code    20  misc.o(.text)
    SysTick_CLKSourceConfig                  0x080008c3   Thumb Code    24  misc.o(.text)
    ADC_DeInit                               0x080008ed   Thumb Code    56  stm32f10x_adc.o(.text)
    ADC_Init                                 0x08000925   Thumb Code    62  stm32f10x_adc.o(.text)
    ADC_StructInit                           0x08000963   Thumb Code    18  stm32f10x_adc.o(.text)
    ADC_Cmd                                  0x08000975   Thumb Code    20  stm32f10x_adc.o(.text)
    ADC_DMACmd                               0x08000989   Thumb Code    20  stm32f10x_adc.o(.text)
    ADC_ITConfig                             0x0800099d   Thumb Code    18  stm32f10x_adc.o(.text)
    ADC_ResetCalibration                     0x080009af   Thumb Code    10  stm32f10x_adc.o(.text)
    ADC_GetResetCalibrationStatus            0x080009b9   Thumb Code    14  stm32f10x_adc.o(.text)
    ADC_StartCalibration                     0x080009c7   Thumb Code    10  stm32f10x_adc.o(.text)
    ADC_GetCalibrationStatus                 0x080009d1   Thumb Code    14  stm32f10x_adc.o(.text)
    ADC_SoftwareStartConvCmd                 0x080009df   Thumb Code    20  stm32f10x_adc.o(.text)
    ADC_GetSoftwareStartConvStatus           0x080009f3   Thumb Code    14  stm32f10x_adc.o(.text)
    ADC_DiscModeChannelCountConfig           0x08000a01   Thumb Code    16  stm32f10x_adc.o(.text)
    ADC_DiscModeCmd                          0x08000a11   Thumb Code    20  stm32f10x_adc.o(.text)
    ADC_RegularChannelConfig                 0x08000a25   Thumb Code   116  stm32f10x_adc.o(.text)
    ADC_ExternalTrigConvCmd                  0x08000a99   Thumb Code    20  stm32f10x_adc.o(.text)
    ADC_GetConversionValue                   0x08000aad   Thumb Code     6  stm32f10x_adc.o(.text)
    ADC_GetDualModeConversionValue           0x08000ab3   Thumb Code     8  stm32f10x_adc.o(.text)
    ADC_AutoInjectedConvCmd                  0x08000abb   Thumb Code    20  stm32f10x_adc.o(.text)
    ADC_InjectedDiscModeCmd                  0x08000acf   Thumb Code    20  stm32f10x_adc.o(.text)
    ADC_ExternalTrigInjectedConvConfig       0x08000ae3   Thumb Code    12  stm32f10x_adc.o(.text)
    ADC_ExternalTrigInjectedConvCmd          0x08000aef   Thumb Code    20  stm32f10x_adc.o(.text)
    ADC_SoftwareStartInjectedConvCmd         0x08000b03   Thumb Code    20  stm32f10x_adc.o(.text)
    ADC_GetSoftwareStartInjectedConvCmdStatus 0x08000b17   Thumb Code    14  stm32f10x_adc.o(.text)
    ADC_InjectedChannelConfig                0x08000b25   Thumb Code    74  stm32f10x_adc.o(.text)
    ADC_InjectedSequencerLengthConfig        0x08000b6f   Thumb Code    16  stm32f10x_adc.o(.text)
    ADC_SetInjectedOffset                    0x08000b7f   Thumb Code    10  stm32f10x_adc.o(.text)
    ADC_GetInjectedConversionValue           0x08000b89   Thumb Code    14  stm32f10x_adc.o(.text)
    ADC_AnalogWatchdogCmd                    0x08000b97   Thumb Code    12  stm32f10x_adc.o(.text)
    ADC_AnalogWatchdogThresholdsConfig       0x08000ba3   Thumb Code     6  stm32f10x_adc.o(.text)
    ADC_AnalogWatchdogSingleChannelConfig    0x08000ba9   Thumb Code    12  stm32f10x_adc.o(.text)
    ADC_TempSensorVrefintCmd                 0x08000bb5   Thumb Code    24  stm32f10x_adc.o(.text)
    ADC_GetFlagStatus                        0x08000bcd   Thumb Code    14  stm32f10x_adc.o(.text)
    ADC_ClearFlag                            0x08000bdb   Thumb Code     6  stm32f10x_adc.o(.text)
    ADC_GetITStatus                          0x08000be1   Thumb Code    28  stm32f10x_adc.o(.text)
    ADC_ClearITPendingBit                    0x08000bfd   Thumb Code     8  stm32f10x_adc.o(.text)
    BKP_DeInit                               0x08000c1d   Thumb Code    18  stm32f10x_bkp.o(.text)
    BKP_TamperPinLevelConfig                 0x08000c2f   Thumb Code     6  stm32f10x_bkp.o(.text)
    BKP_TamperPinCmd                         0x08000c35   Thumb Code     8  stm32f10x_bkp.o(.text)
    BKP_ITConfig                             0x08000c3d   Thumb Code     8  stm32f10x_bkp.o(.text)
    BKP_RTCOutputConfig                      0x08000c45   Thumb Code    14  stm32f10x_bkp.o(.text)
    BKP_SetRTCCalibrationValue               0x08000c53   Thumb Code    14  stm32f10x_bkp.o(.text)
    BKP_WriteBackupRegister                  0x08000c61   Thumb Code    14  stm32f10x_bkp.o(.text)
    BKP_ReadBackupRegister                   0x08000c6f   Thumb Code    14  stm32f10x_bkp.o(.text)
    BKP_GetFlagStatus                        0x08000c7d   Thumb Code    10  stm32f10x_bkp.o(.text)
    BKP_ClearFlag                            0x08000c87   Thumb Code    14  stm32f10x_bkp.o(.text)
    BKP_GetITStatus                          0x08000c95   Thumb Code    10  stm32f10x_bkp.o(.text)
    BKP_ClearITPendingBit                    0x08000c9f   Thumb Code    14  stm32f10x_bkp.o(.text)
    DMA_DeInit                               0x08000cb5   Thumb Code   218  stm32f10x_dma.o(.text)
    DMA_Init                                 0x08000d8f   Thumb Code    58  stm32f10x_dma.o(.text)
    DMA_StructInit                           0x08000dc9   Thumb Code    26  stm32f10x_dma.o(.text)
    DMA_Cmd                                  0x08000de3   Thumb Code    22  stm32f10x_dma.o(.text)
    DMA_ITConfig                             0x08000df9   Thumb Code    16  stm32f10x_dma.o(.text)
    DMA_SetCurrDataCounter                   0x08000e09   Thumb Code     4  stm32f10x_dma.o(.text)
    DMA_GetCurrDataCounter                   0x08000e0d   Thumb Code     6  stm32f10x_dma.o(.text)
    DMA_GetFlagStatus                        0x08000e13   Thumb Code    28  stm32f10x_dma.o(.text)
    DMA_ClearFlag                            0x08000e2f   Thumb Code    20  stm32f10x_dma.o(.text)
    DMA_GetITStatus                          0x08000e43   Thumb Code    28  stm32f10x_dma.o(.text)
    DMA_ClearITPendingBit                    0x08000e5f   Thumb Code    20  stm32f10x_dma.o(.text)
    EXTI_DeInit                              0x08000e7d   Thumb Code    28  stm32f10x_exti.o(.text)
    EXTI_Init                                0x08000e99   Thumb Code   108  stm32f10x_exti.o(.text)
    EXTI_StructInit                          0x08000f05   Thumb Code    14  stm32f10x_exti.o(.text)
    EXTI_GenerateSWInterrupt                 0x08000f13   Thumb Code    12  stm32f10x_exti.o(.text)
    EXTI_GetFlagStatus                       0x08000f1f   Thumb Code    18  stm32f10x_exti.o(.text)
    EXTI_ClearFlag                           0x08000f31   Thumb Code     8  stm32f10x_exti.o(.text)
    EXTI_GetITStatus                         0x08000f39   Thumb Code    28  stm32f10x_exti.o(.text)
    EXTI_ClearITPendingBit                   0x08000f55   Thumb Code     8  stm32f10x_exti.o(.text)
    FLASH_SetLatency                         0x08000f65   Thumb Code    14  stm32f10x_flash.o(.text)
    FLASH_HalfCycleAccessCmd                 0x08000f73   Thumb Code    18  stm32f10x_flash.o(.text)
    FLASH_PrefetchBufferCmd                  0x08000f85   Thumb Code    18  stm32f10x_flash.o(.text)
    FLASH_Unlock                             0x08000f97   Thumb Code    12  stm32f10x_flash.o(.text)
    FLASH_UnlockBank1                        0x08000fa3   Thumb Code    12  stm32f10x_flash.o(.text)
    FLASH_Lock                               0x08000faf   Thumb Code    12  stm32f10x_flash.o(.text)
    FLASH_LockBank1                          0x08000fbb   Thumb Code    12  stm32f10x_flash.o(.text)
    FLASH_GetBank1Status                     0x08000fc7   Thumb Code    34  stm32f10x_flash.o(.text)
    FLASH_WaitForLastOperation               0x08000fe9   Thumb Code    36  stm32f10x_flash.o(.text)
    FLASH_ErasePage                          0x0800100d   Thumb Code    56  stm32f10x_flash.o(.text)
    FLASH_EraseAllPages                      0x08001045   Thumb Code    52  stm32f10x_flash.o(.text)
    FLASH_WaitForLastBank1Operation          0x08001079   Thumb Code    36  stm32f10x_flash.o(.text)
    FLASH_EraseAllBank1Pages                 0x0800109d   Thumb Code    52  stm32f10x_flash.o(.text)
    FLASH_GetReadOutProtectionStatus         0x080010d1   Thumb Code    14  stm32f10x_flash.o(.text)
    FLASH_EraseOptionBytes                   0x080010df   Thumb Code   108  stm32f10x_flash.o(.text)
    FLASH_ProgramWord                        0x0800114b   Thumb Code    72  stm32f10x_flash.o(.text)
    FLASH_ProgramHalfWord                    0x08001193   Thumb Code    48  stm32f10x_flash.o(.text)
    FLASH_ProgramOptionByteData              0x080011c3   Thumb Code    62  stm32f10x_flash.o(.text)
    FLASH_EnableWriteProtection              0x08001201   Thumb Code   150  stm32f10x_flash.o(.text)
    FLASH_ReadOutProtection                  0x08001297   Thumb Code   118  stm32f10x_flash.o(.text)
    FLASH_UserOptionByteConfig               0x0800130d   Thumb Code    92  stm32f10x_flash.o(.text)
    FLASH_GetUserOptionByte                  0x08001369   Thumb Code     8  stm32f10x_flash.o(.text)
    FLASH_GetWriteProtectionOptionByte       0x08001371   Thumb Code     6  stm32f10x_flash.o(.text)
    FLASH_GetPrefetchBufferStatus            0x08001377   Thumb Code    14  stm32f10x_flash.o(.text)
    FLASH_ITConfig                           0x08001385   Thumb Code    18  stm32f10x_flash.o(.text)
    FLASH_GetFlagStatus                      0x08001397   Thumb Code    28  stm32f10x_flash.o(.text)
    FLASH_ClearFlag                          0x080013b3   Thumb Code     6  stm32f10x_flash.o(.text)
    FLASH_GetStatus                          0x080013b9   Thumb Code    34  stm32f10x_flash.o(.text)
    GPIO_DeInit                              0x080013e1   Thumb Code   152  stm32f10x_gpio.o(.text)
    GPIO_AFIODeInit                          0x08001479   Thumb Code    22  stm32f10x_gpio.o(.text)
    GPIO_Init                                0x0800148f   Thumb Code   156  stm32f10x_gpio.o(.text)
    GPIO_StructInit                          0x0800152b   Thumb Code    16  stm32f10x_gpio.o(.text)
    GPIO_ReadInputDataBit                    0x0800153b   Thumb Code    14  stm32f10x_gpio.o(.text)
    GPIO_ReadInputData                       0x08001549   Thumb Code     6  stm32f10x_gpio.o(.text)
    GPIO_ReadOutputDataBit                   0x0800154f   Thumb Code    14  stm32f10x_gpio.o(.text)
    GPIO_ReadOutputData                      0x0800155d   Thumb Code     6  stm32f10x_gpio.o(.text)
    GPIO_SetBits                             0x08001563   Thumb Code     4  stm32f10x_gpio.o(.text)
    GPIO_ResetBits                           0x08001567   Thumb Code     4  stm32f10x_gpio.o(.text)
    GPIO_WriteBit                            0x0800156b   Thumb Code    10  stm32f10x_gpio.o(.text)
    GPIO_Write                               0x08001575   Thumb Code     4  stm32f10x_gpio.o(.text)
    GPIO_PinLockConfig                       0x08001579   Thumb Code    16  stm32f10x_gpio.o(.text)
    GPIO_EventOutputConfig                   0x08001589   Thumb Code    22  stm32f10x_gpio.o(.text)
    GPIO_EventOutputCmd                      0x0800159f   Thumb Code     6  stm32f10x_gpio.o(.text)
    GPIO_PinRemapConfig                      0x080015a5   Thumb Code    82  stm32f10x_gpio.o(.text)
    GPIO_EXTILineConfig                      0x080015f7   Thumb Code    34  stm32f10x_gpio.o(.text)
    GPIO_ETH_MediaInterfaceConfig            0x08001619   Thumb Code     8  stm32f10x_gpio.o(.text)
    PWR_DeInit                               0x08001645   Thumb Code    24  stm32f10x_pwr.o(.text)
    PWR_BackupAccessCmd                      0x0800165d   Thumb Code     6  stm32f10x_pwr.o(.text)
    PWR_PVDCmd                               0x08001663   Thumb Code     6  stm32f10x_pwr.o(.text)
    PWR_PVDLevelConfig                       0x08001669   Thumb Code    14  stm32f10x_pwr.o(.text)
    PWR_WakeUpPinCmd                         0x08001677   Thumb Code     8  stm32f10x_pwr.o(.text)
    PWR_EnterSTOPMode                        0x0800167f   Thumb Code    42  stm32f10x_pwr.o(.text)
    PWR_EnterSTANDBYMode                     0x080016a9   Thumb Code    32  stm32f10x_pwr.o(.text)
    PWR_GetFlagStatus                        0x080016c9   Thumb Code    16  stm32f10x_pwr.o(.text)
    PWR_ClearFlag                            0x080016d9   Thumb Code    12  stm32f10x_pwr.o(.text)
    RCC_DeInit                               0x080016f1   Thumb Code    50  stm32f10x_rcc.o(.text)
    RCC_HSEConfig                            0x08001723   Thumb Code    48  stm32f10x_rcc.o(.text)
    RCC_GetFlagStatus                        0x08001753   Thumb Code    42  stm32f10x_rcc.o(.text)
    RCC_WaitForHSEStartUp                    0x0800177d   Thumb Code    44  stm32f10x_rcc.o(.text)
    RCC_AdjustHSICalibrationValue            0x080017a9   Thumb Code    16  stm32f10x_rcc.o(.text)
    RCC_HSICmd                               0x080017b9   Thumb Code     6  stm32f10x_rcc.o(.text)
    RCC_PLLConfig                            0x080017bf   Thumb Code    16  stm32f10x_rcc.o(.text)
    RCC_PLLCmd                               0x080017cf   Thumb Code     6  stm32f10x_rcc.o(.text)
    RCC_SYSCLKConfig                         0x080017d5   Thumb Code    14  stm32f10x_rcc.o(.text)
    RCC_GetSYSCLKSource                      0x080017e3   Thumb Code    10  stm32f10x_rcc.o(.text)
    RCC_HCLKConfig                           0x080017ed   Thumb Code    14  stm32f10x_rcc.o(.text)
    RCC_PCLK1Config                          0x080017fb   Thumb Code    14  stm32f10x_rcc.o(.text)
    RCC_PCLK2Config                          0x08001809   Thumb Code    16  stm32f10x_rcc.o(.text)
    RCC_ITConfig                             0x08001819   Thumb Code    18  stm32f10x_rcc.o(.text)
    RCC_USBCLKConfig                         0x0800182b   Thumb Code     8  stm32f10x_rcc.o(.text)
    RCC_ADCCLKConfig                         0x08001833   Thumb Code    14  stm32f10x_rcc.o(.text)
    RCC_LSEConfig                            0x08001841   Thumb Code    28  stm32f10x_rcc.o(.text)
    RCC_LSICmd                               0x0800185d   Thumb Code     6  stm32f10x_rcc.o(.text)
    RCC_RTCCLKConfig                         0x08001863   Thumb Code    10  stm32f10x_rcc.o(.text)
    RCC_RTCCLKCmd                            0x0800186d   Thumb Code     8  stm32f10x_rcc.o(.text)
    RCC_GetClocksFreq                        0x08001875   Thumb Code   130  stm32f10x_rcc.o(.text)
    RCC_AHBPeriphClockCmd                    0x080018f7   Thumb Code    18  stm32f10x_rcc.o(.text)
    RCC_APB2PeriphClockCmd                   0x08001909   Thumb Code    18  stm32f10x_rcc.o(.text)
    RCC_APB1PeriphClockCmd                   0x0800191b   Thumb Code    18  stm32f10x_rcc.o(.text)
    RCC_APB2PeriphResetCmd                   0x0800192d   Thumb Code    18  stm32f10x_rcc.o(.text)
    RCC_APB1PeriphResetCmd                   0x0800193f   Thumb Code    18  stm32f10x_rcc.o(.text)
    RCC_BackupResetCmd                       0x08001951   Thumb Code     8  stm32f10x_rcc.o(.text)
    RCC_ClockSecuritySystemCmd               0x08001959   Thumb Code     6  stm32f10x_rcc.o(.text)
    RCC_MCOConfig                            0x0800195f   Thumb Code     6  stm32f10x_rcc.o(.text)
    RCC_ClearFlag                            0x08001965   Thumb Code    12  stm32f10x_rcc.o(.text)
    RCC_GetITStatus                          0x08001971   Thumb Code    16  stm32f10x_rcc.o(.text)
    RCC_ClearITPendingBit                    0x08001981   Thumb Code     6  stm32f10x_rcc.o(.text)
    RTC_ITConfig                             0x080019a9   Thumb Code    18  stm32f10x_rtc.o(.text)
    RTC_EnterConfigMode                      0x080019bb   Thumb Code    14  stm32f10x_rtc.o(.text)
    RTC_ExitConfigMode                       0x080019c9   Thumb Code    14  stm32f10x_rtc.o(.text)
    RTC_GetCounter                           0x080019d7   Thumb Code    18  stm32f10x_rtc.o(.text)
    RTC_SetCounter                           0x080019e9   Thumb Code    26  stm32f10x_rtc.o(.text)
    RTC_SetPrescaler                         0x08001a03   Thumb Code    28  stm32f10x_rtc.o(.text)
    RTC_SetAlarm                             0x08001a1f   Thumb Code    26  stm32f10x_rtc.o(.text)
    RTC_GetDivider                           0x08001a39   Thumb Code    20  stm32f10x_rtc.o(.text)
    RTC_WaitForLastTask                      0x08001a4d   Thumb Code    12  stm32f10x_rtc.o(.text)
    RTC_WaitForSynchro                       0x08001a59   Thumb Code    20  stm32f10x_rtc.o(.text)
    RTC_GetFlagStatus                        0x08001a6d   Thumb Code    18  stm32f10x_rtc.o(.text)
    RTC_ClearFlag                            0x08001a7f   Thumb Code    12  stm32f10x_rtc.o(.text)
    RTC_GetITStatus                          0x08001a8b   Thumb Code    28  stm32f10x_rtc.o(.text)
    RTC_ClearITPendingBit                    0x08001aa7   Thumb Code    12  stm32f10x_rtc.o(.text)
    TIM_DeInit                               0x08001ab9   Thumb Code   304  stm32f10x_tim.o(.text)
    TIM_TimeBaseInit                         0x08001be9   Thumb Code   114  stm32f10x_tim.o(.text)
    TIM_OC1Init                              0x08001c5b   Thumb Code   106  stm32f10x_tim.o(.text)
    TIM_OC2Init                              0x08001cc5   Thumb Code   120  stm32f10x_tim.o(.text)
    TIM_OC3Init                              0x08001d3d   Thumb Code   116  stm32f10x_tim.o(.text)
    TIM_OC4Init                              0x08001db1   Thumb Code    90  stm32f10x_tim.o(.text)
    TIM_SetIC4Prescaler                      0x08001e0b   Thumb Code    24  stm32f10x_tim.o(.text)
    TIM_SetIC3Prescaler                      0x08001e23   Thumb Code    16  stm32f10x_tim.o(.text)
    TIM_SetIC2Prescaler                      0x08001e33   Thumb Code    24  stm32f10x_tim.o(.text)
    TIM_SetIC1Prescaler                      0x08001ef1   Thumb Code    16  stm32f10x_tim.o(.text)
    TIM_ICInit                               0x08001f59   Thumb Code   272  stm32f10x_tim.o(.text)
    TIM_PWMIConfig                           0x08002069   Thumb Code   104  stm32f10x_tim.o(.text)
    TIM_BDTRConfig                           0x080020d1   Thumb Code    34  stm32f10x_tim.o(.text)
    TIM_TimeBaseStructInit                   0x080020f3   Thumb Code    18  stm32f10x_tim.o(.text)
    TIM_OCStructInit                         0x08002105   Thumb Code    20  stm32f10x_tim.o(.text)
    TIM_ICStructInit                         0x08002119   Thumb Code    16  stm32f10x_tim.o(.text)
    TIM_BDTRStructInit                       0x08002129   Thumb Code    18  stm32f10x_tim.o(.text)
    TIM_Cmd                                  0x0800213b   Thumb Code    20  stm32f10x_tim.o(.text)
    TIM_CtrlPWMOutputs                       0x0800214f   Thumb Code    22  stm32f10x_tim.o(.text)
    TIM_ITConfig                             0x08002165   Thumb Code    16  stm32f10x_tim.o(.text)
    TIM_GenerateEvent                        0x08002175   Thumb Code     4  stm32f10x_tim.o(.text)
    TIM_DMAConfig                            0x08002179   Thumb Code     8  stm32f10x_tim.o(.text)
    TIM_DMACmd                               0x08002181   Thumb Code    16  stm32f10x_tim.o(.text)
    TIM_InternalClockConfig                  0x08002191   Thumb Code    10  stm32f10x_tim.o(.text)
    TIM_SelectInputTrigger                   0x0800219b   Thumb Code    12  stm32f10x_tim.o(.text)
    TIM_ITRxExternalClockConfig              0x080021a7   Thumb Code    18  stm32f10x_tim.o(.text)
    TIM_TIxExternalClockConfig               0x080021b9   Thumb Code    46  stm32f10x_tim.o(.text)
    TIM_ETRConfig                            0x080021e7   Thumb Code    24  stm32f10x_tim.o(.text)
    TIM_ETRClockMode1Config                  0x080021ff   Thumb Code    18  stm32f10x_tim.o(.text)
    TIM_ETRClockMode2Config                  0x08002211   Thumb Code    18  stm32f10x_tim.o(.text)
    TIM_PrescalerConfig                      0x08002223   Thumb Code     6  stm32f10x_tim.o(.text)
    TIM_CounterModeConfig                    0x08002229   Thumb Code    12  stm32f10x_tim.o(.text)
    TIM_EncoderInterfaceConfig               0x08002235   Thumb Code    50  stm32f10x_tim.o(.text)
    TIM_ForcedOC1Config                      0x08002267   Thumb Code    12  stm32f10x_tim.o(.text)
    TIM_ForcedOC2Config                      0x08002273   Thumb Code    20  stm32f10x_tim.o(.text)
    TIM_ForcedOC3Config                      0x08002287   Thumb Code    12  stm32f10x_tim.o(.text)
    TIM_ForcedOC4Config                      0x08002293   Thumb Code    20  stm32f10x_tim.o(.text)
    TIM_ARRPreloadConfig                     0x080022a7   Thumb Code    20  stm32f10x_tim.o(.text)
    TIM_SelectCOM                            0x080022bb   Thumb Code    20  stm32f10x_tim.o(.text)
    TIM_SelectCCDMA                          0x080022cf   Thumb Code    20  stm32f10x_tim.o(.text)
    TIM_CCPreloadControl                     0x080022e3   Thumb Code    20  stm32f10x_tim.o(.text)
    TIM_OC1PreloadConfig                     0x080022f7   Thumb Code    34  stm32f10x_tim.o(.text)
    TIM_OC2PreloadConfig                     0x08002319   Thumb Code    20  stm32f10x_tim.o(.text)
    TIM_OC3PreloadConfig                     0x0800232d   Thumb Code    12  stm32f10x_tim.o(.text)
    TIM_OC4PreloadConfig                     0x08002339   Thumb Code    20  stm32f10x_tim.o(.text)
    TIM_OC1FastConfig                        0x0800234d   Thumb Code    12  stm32f10x_tim.o(.text)
    TIM_OC2FastConfig                        0x08002359   Thumb Code    20  stm32f10x_tim.o(.text)
    TIM_OC3FastConfig                        0x0800236d   Thumb Code    12  stm32f10x_tim.o(.text)
    TIM_OC4FastConfig                        0x08002379   Thumb Code    20  stm32f10x_tim.o(.text)
    TIM_ClearOC1Ref                          0x0800238d   Thumb Code    12  stm32f10x_tim.o(.text)
    TIM_ClearOC2Ref                          0x08002399   Thumb Code    20  stm32f10x_tim.o(.text)
    TIM_ClearOC3Ref                          0x080023ad   Thumb Code    12  stm32f10x_tim.o(.text)
    TIM_ClearOC4Ref                          0x080023b9   Thumb Code    20  stm32f10x_tim.o(.text)
    TIM_OC1PolarityConfig                    0x080023cd   Thumb Code    12  stm32f10x_tim.o(.text)
    TIM_OC1NPolarityConfig                   0x080023d9   Thumb Code    12  stm32f10x_tim.o(.text)
    TIM_OC2PolarityConfig                    0x080023e5   Thumb Code    20  stm32f10x_tim.o(.text)
    TIM_OC2NPolarityConfig                   0x080023f9   Thumb Code    20  stm32f10x_tim.o(.text)
    TIM_OC3PolarityConfig                    0x0800240d   Thumb Code    20  stm32f10x_tim.o(.text)
    TIM_OC3NPolarityConfig                   0x08002421   Thumb Code    20  stm32f10x_tim.o(.text)
    TIM_OC4PolarityConfig                    0x08002435   Thumb Code    20  stm32f10x_tim.o(.text)
    TIM_CCxCmd                               0x08002449   Thumb Code    22  stm32f10x_tim.o(.text)
    TIM_CCxNCmd                              0x0800245f   Thumb Code    22  stm32f10x_tim.o(.text)
    TIM_SelectOCxM                           0x08002475   Thumb Code    70  stm32f10x_tim.o(.text)
    TIM_UpdateDisableConfig                  0x080024bb   Thumb Code    20  stm32f10x_tim.o(.text)
    TIM_UpdateRequestConfig                  0x080024cf   Thumb Code    20  stm32f10x_tim.o(.text)
    TIM_SelectHallSensor                     0x080024e3   Thumb Code    20  stm32f10x_tim.o(.text)
    TIM_SelectOnePulseMode                   0x080024f7   Thumb Code    16  stm32f10x_tim.o(.text)
    TIM_SelectOutputTrigger                  0x08002507   Thumb Code    16  stm32f10x_tim.o(.text)
    TIM_SelectSlaveMode                      0x08002517   Thumb Code    16  stm32f10x_tim.o(.text)
    TIM_SelectMasterSlaveMode                0x08002527   Thumb Code    16  stm32f10x_tim.o(.text)
    TIM_SetCounter                           0x08002537   Thumb Code     4  stm32f10x_tim.o(.text)
    TIM_SetAutoreload                        0x0800253b   Thumb Code     4  stm32f10x_tim.o(.text)
    TIM_SetCompare1                          0x0800253f   Thumb Code     4  stm32f10x_tim.o(.text)
    TIM_SetCompare2                          0x08002543   Thumb Code     4  stm32f10x_tim.o(.text)
    TIM_SetCompare3                          0x08002547   Thumb Code     4  stm32f10x_tim.o(.text)
    TIM_SetCompare4                          0x0800254b   Thumb Code     6  stm32f10x_tim.o(.text)
    TIM_SetClockDivision                     0x08002551   Thumb Code    16  stm32f10x_tim.o(.text)
    TIM_GetCapture1                          0x08002561   Thumb Code     4  stm32f10x_tim.o(.text)
    TIM_GetCapture2                          0x08002565   Thumb Code     4  stm32f10x_tim.o(.text)
    TIM_GetCapture3                          0x08002569   Thumb Code     4  stm32f10x_tim.o(.text)
    TIM_GetCapture4                          0x0800256d   Thumb Code     6  stm32f10x_tim.o(.text)
    TIM_GetCounter                           0x08002573   Thumb Code     4  stm32f10x_tim.o(.text)
    TIM_GetPrescaler                         0x08002577   Thumb Code     4  stm32f10x_tim.o(.text)
    TIM_GetFlagStatus                        0x0800257b   Thumb Code    14  stm32f10x_tim.o(.text)
    TIM_ClearFlag                            0x08002589   Thumb Code     6  stm32f10x_tim.o(.text)
    TIM_GetITStatus                          0x0800258f   Thumb Code    24  stm32f10x_tim.o(.text)
    TIM_ClearITPendingBit                    0x080025a7   Thumb Code     6  stm32f10x_tim.o(.text)
    USART_DeInit                             0x080025ad   Thumb Code    96  stm32f10x_usart.o(.text)
    USART_Init                               0x0800260d   Thumb Code   176  stm32f10x_usart.o(.text)
    USART_StructInit                         0x080026bd   Thumb Code    22  stm32f10x_usart.o(.text)
    USART_ClockInit                          0x080026d3   Thumb Code    30  stm32f10x_usart.o(.text)
    USART_ClockStructInit                    0x080026f1   Thumb Code    12  stm32f10x_usart.o(.text)
    USART_Cmd                                0x080026fd   Thumb Code    20  stm32f10x_usart.o(.text)
    USART_ITConfig                           0x08002711   Thumb Code    48  stm32f10x_usart.o(.text)
    USART_DMACmd                             0x08002741   Thumb Code    16  stm32f10x_usart.o(.text)
    USART_SetAddress                         0x08002751   Thumb Code    16  stm32f10x_usart.o(.text)
    USART_WakeUpConfig                       0x08002761   Thumb Code    16  stm32f10x_usart.o(.text)
    USART_ReceiverWakeUpCmd                  0x08002771   Thumb Code    20  stm32f10x_usart.o(.text)
    USART_LINBreakDetectLengthConfig         0x08002785   Thumb Code    16  stm32f10x_usart.o(.text)
    USART_LINCmd                             0x08002795   Thumb Code    20  stm32f10x_usart.o(.text)
    USART_SendData                           0x080027a9   Thumb Code     8  stm32f10x_usart.o(.text)
    USART_ReceiveData                        0x080027b1   Thumb Code     8  stm32f10x_usart.o(.text)
    USART_SendBreak                          0x080027b9   Thumb Code    10  stm32f10x_usart.o(.text)
    USART_SetGuardTime                       0x080027c3   Thumb Code    16  stm32f10x_usart.o(.text)
    USART_SetPrescaler                       0x080027d3   Thumb Code    16  stm32f10x_usart.o(.text)
    USART_SmartCardCmd                       0x080027e3   Thumb Code    20  stm32f10x_usart.o(.text)
    USART_SmartCardNACKCmd                   0x080027f7   Thumb Code    20  stm32f10x_usart.o(.text)
    USART_HalfDuplexCmd                      0x0800280b   Thumb Code    20  stm32f10x_usart.o(.text)
    USART_OverSampling8Cmd                   0x0800281f   Thumb Code    20  stm32f10x_usart.o(.text)
    USART_OneBitMethodCmd                    0x08002833   Thumb Code    20  stm32f10x_usart.o(.text)
    USART_IrDAConfig                         0x08002847   Thumb Code    16  stm32f10x_usart.o(.text)
    USART_IrDACmd                            0x08002857   Thumb Code    20  stm32f10x_usart.o(.text)
    USART_GetFlagStatus                      0x0800286b   Thumb Code    14  stm32f10x_usart.o(.text)
    USART_ClearFlag                          0x08002879   Thumb Code     6  stm32f10x_usart.o(.text)
    USART_GetITStatus                        0x0800287f   Thumb Code    62  stm32f10x_usart.o(.text)
    USART_ClearITPendingBit                  0x080028bd   Thumb Code    12  stm32f10x_usart.o(.text)
    SystemInit                               0x0800297d   Thumb Code    64  system_stm32f10x.o(.text)
    SystemCoreClockUpdate                    0x080029bd   Thumb Code    86  system_stm32f10x.o(.text)
    Is_Leap_Year                             0x08002a35   Thumb Code    38  rtc.o(.text)
    RTC_Set                                  0x08002a5b   Thumb Code   180  rtc.o(.text)
    RTC_Get_Week                             0x08002b0f   Thumb Code    74  rtc.o(.text)
    RTC_Get                                  0x08002b59   Thumb Code   188  rtc.o(.text)
    NVIC_Configuration                       0x08002c15   Thumb Code   194  rtc.o(.text)
    RTC_Configuration                        0x08002cd7   Thumb Code   196  rtc.o(.text)
    RTC_IRQHandler                           0x08002d9b   Thumb Code    54  rtc.o(.text)
    delay_init                               0x08002de9   Thumb Code    38  delay.o(.text)
    Delay_ms                                 0x08002e0f   Thumb Code    36  delay.o(.text)
    Delay_us                                 0x08002e33   Thumb Code    36  delay.o(.text)
    TIM2_NVIC_Configuration                  0x08002e5d   Thumb Code    42  time_test.o(.text)
    TIM2_Configuration                       0x08002e87   Thumb Code    88  time_test.o(.text)
    ADC1_GPIO                                0x08002ee1   Thumb Code    24  adc.o(.text)
    ADC1_RCC                                 0x08002ef9   Thumb Code    30  adc.o(.text)
    ADC1_Config                              0x08002f17   Thumb Code   132  adc.o(.text)
    DMA1_Config                              0x08002f9b   Thumb Code    72  adc.o(.text)
    ADC_work                                 0x08002fe3   Thumb Code    60  adc.o(.text)
    ad0                                      0x0800301f   Thumb Code    28  adc.o(.text)
    ad1                                      0x0800303b   Thumb Code    32  adc.o(.text)
    start_adc                                0x0800305b   Thumb Code    96  adc.o(.text)
    EXTI_PB4_Config                          0x080030dd   Thumb Code    66  key.o(.text)
    EXTI_PB5_Config                          0x0800311f   Thumb Code    66  key.o(.text)
    EXTI_PB6_Config                          0x08003161   Thumb Code    66  key.o(.text)
    EXTI_PB12_Config                         0x080031a3   Thumb Code    68  key.o(.text)
    RELAY_LED_Init                           0x080031e7   Thumb Code    38  key.o(.text)
    BUZZER_Init                              0x0800320d   Thumb Code    46  key.o(.text)
    EE_ReadVariable                          0x080032c1   Thumb Code    62  eeprom.o(.text)
    EE_Init                                  0x080032ff   Thumb Code   288  eeprom.o(.text)
    EE_WriteVariable                         0x0800341f   Thumb Code    28  eeprom.o(.text)
    IOInitOut                                0x080034fd   Thumb Code    70  display12864.o(.text)
    IOInitIn                                 0x08003543   Thumb Code    36  display12864.o(.text)
    WaitBusy                                 0x08003567   Thumb Code    62  display12864.o(.text)
    WriteCmd                                 0x080035a5   Thumb Code    74  display12864.o(.text)
    WriteData                                0x080035ef   Thumb Code    74  display12864.o(.text)
    WriteData1                               0x08003639   Thumb Code    78  display12864.o(.text)
    InitDis                                  0x08003687   Thumb Code    96  display12864.o(.text)
    DisStr                                   0x080036e7   Thumb Code    26  display12864.o(.text)
    DisInt                                   0x08003701   Thumb Code    66  display12864.o(.text)
    DisFloat                                 0x08003743   Thumb Code    86  display12864.o(.text)
    locate16                                 0x08003799   Thumb Code    36  display12864.o(.text)
    show_time_voltage                        0x080037cd   Thumb Code   278  show.o(.text)
    DebugMenu                                0x080038e3   Thumb Code   160  show.o(.text)
    SecondSet                                0x08003983   Thumb Code    98  show.o(.text)
    ThirdSystemSetting                       0x080039e5   Thumb Code    98  show.o(.text)
    ThirdBaudRateSetting                     0x08003a47   Thumb Code   696  show.o(.text)
    FourStart                                0x08003cff   Thumb Code    98  show.o(.text)
    FourTime                                 0x08003d61   Thumb Code   238  show.o(.text)
    SecondSystemDebug                        0x08003e4f   Thumb Code   158  show.o(.text)
    ThirdChange                              0x08003eed   Thumb Code    60  show.o(.text)
    ThirdCorrect                             0x08003f29   Thumb Code    60  show.o(.text)
    ThirdCheck                               0x08003f65   Thumb Code    60  show.o(.text)
    ThirdReguration                          0x08003fa1   Thumb Code   608  show.o(.text)
    Second_Fault_record                      0x08004201   Thumb Code   298  show.o(.text)
    Second_clear_fault_records               0x0800432b   Thumb Code    50  show.o(.text)
    Time_Display                             0x0800435d   Thumb Code   218  show.o(.text)
    Update_rtc_time                          0x08004437   Thumb Code    56  show.o(.text)
    Month_Month                              0x0800446f   Thumb Code   170  show.o(.text)
    operating_12864_system                   0x08004589   Thumb Code  2920  operating.o(.text)
    Get_Crc16                                0x08005101   Thumb Code    44  crc8_16.o(.text)
    Get_Crc8                                 0x0800512d   Thumb Code    52  crc8_16.o(.text)
    flash_write_device_b                     0x08005165   Thumb Code     2  read_write_flash.o(.text)
    flash_write_databits                     0x08005167   Thumb Code     2  read_write_flash.o(.text)
    flash_write_stopbits                     0x08005169   Thumb Code     2  read_write_flash.o(.text)
    flash_write                              0x0800516b   Thumb Code    36  read_write_flash.o(.text)
    flash_write_Band_Rate                    0x0800518f   Thumb Code     2  read_write_flash.o(.text)
    flash_write_time_volitage                0x08005191   Thumb Code   156  read_write_flash.o(.text)
    flash_read_time_volitage                 0x0800522d   Thumb Code   110  read_write_flash.o(.text)
    flash_write_num                          0x0800529b   Thumb Code     2  read_write_flash.o(.text)
    flash_read_flagnum                       0x0800529d   Thumb Code     4  read_write_flash.o(.text)
    flash_write_start_v                      0x080052a1   Thumb Code     2  read_write_flash.o(.text)
    RS485_Init                               0x080052b5   Thumb Code   174  rs485.o(.text)
    CLR_RX2                                  0x08005363   Thumb Code    24  rs485.o(.text)
    USART2_IRQHandler                        0x0800537b   Thumb Code   318  rs485.o(.text)
    uart_init                                0x080054dd   Thumb Code   136  uart1.o(.text)
    fputc                                    0x08005565   Thumb Code    24  uart1.o(.text)
    USART1_printf                            0x0800557d   Thumb Code   254  uart1.o(.text)
    __aeabi_fmul                             0x08005685   Thumb Code   108  fmul.o(.text)
    __aeabi_dadd                             0x080056f1   Thumb Code   322  dadd.o(.text)
    __aeabi_dsub                             0x08005833   Thumb Code     6  dadd.o(.text)
    __aeabi_drsub                            0x08005839   Thumb Code     6  dadd.o(.text)
    __aeabi_dmul                             0x0800583f   Thumb Code   228  dmul.o(.text)
    __aeabi_ddiv                             0x08005923   Thumb Code   222  ddiv.o(.text)
    __ARM_scalbn                             0x08005a01   Thumb Code    46  dscalb.o(.text)
    scalbn                                   0x08005a01   Thumb Code     0  dscalb.o(.text)
    __aeabi_ui2f                             0x08005a2f   Thumb Code    10  ffltui.o(.text)
    __aeabi_i2d                              0x08005a39   Thumb Code    34  dflti.o(.text)
    __aeabi_ui2d                             0x08005a5b   Thumb Code    26  dfltui.o(.text)
    __aeabi_f2iz                             0x08005a75   Thumb Code    50  ffixi.o(.text)
    __aeabi_d2uiz                            0x08005aa7   Thumb Code    50  dfixui.o(.text)
    __aeabi_f2d                              0x08005ad9   Thumb Code    38  f2d.o(.text)
    __aeabi_cdcmpeq                          0x08005b01   Thumb Code     0  cdcmple.o(.text)
    __aeabi_cdcmple                          0x08005b01   Thumb Code    38  cdcmple.o(.text)
    __aeabi_d2f                              0x08005b29   Thumb Code    56  d2f.o(.text)
    __aeabi_llsl                             0x08005b61   Thumb Code    30  llshl.o(.text)
    _ll_shift_l                              0x08005b61   Thumb Code     0  llshl.o(.text)
    __aeabi_llsr                             0x08005b7f   Thumb Code    32  llushr.o(.text)
    _ll_ushift_r                             0x08005b7f   Thumb Code     0  llushr.o(.text)
    __aeabi_lasr                             0x08005b9f   Thumb Code    36  llsshr.o(.text)
    _ll_sshift_r                             0x08005b9f   Thumb Code     0  llsshr.o(.text)
    __I$use$fp                               0x08005bc3   Thumb Code     0  iusefp.o(.text)
    _float_round                             0x08005bc3   Thumb Code    18  fepilogue.o(.text)
    _float_epilogue                          0x08005bd5   Thumb Code    90  fepilogue.o(.text)
    _double_round                            0x08005c2f   Thumb Code    26  depilogue.o(.text)
    _double_epilogue                         0x08005c49   Thumb Code   164  depilogue.o(.text)
    _dsqrt                                   0x08005ced   Thumb Code   162  dsqrt.o(.text)
    __aeabi_cdrcmple                         0x08005d91   Thumb Code    38  cdrcmple.o(.text)
    __scatterload                            0x08005db9   Thumb Code    28  init.o(.text)
    __scatterload_rt2                        0x08005db9   Thumb Code     0  init.o(.text)
    __ARM_fpclassify                         0x08005ddd   Thumb Code    40  fpclassify.o(i.__ARM_fpclassify)
    __kernel_poly                            0x08005e05   Thumb Code   170  poly.o(i.__kernel_poly)
    __mathlib_dbl_underflow                  0x08005eb1   Thumb Code    10  dunder.o(i.__mathlib_dbl_underflow)
    __scatterload_copy                       0x08005ec1   Thumb Code    14  handlers.o(i.__scatterload_copy)
    __scatterload_null                       0x08005ecf   Thumb Code     2  handlers.o(i.__scatterload_null)
    __scatterload_zeroinit                   0x08005ed1   Thumb Code    14  handlers.o(i.__scatterload_zeroinit)
    __set_errno                              0x08005ee1   Thumb Code     6  errno.o(i.__set_errno)
    pow                                      0x08005eed   Thumb Code  2510  pow.o(i.pow)
    sqrt                                     0x080068cd   Thumb Code    78  sqrt.o(i.sqrt)
    table_week                               0x0800691a   Data          12  rtc.o(.constdata)
    mon_table                                0x08006926   Data          12  rtc.o(.constdata)
    auchCRCHi                                0x08006932   Data         256  crc8_16.o(.constdata)
    auchCRCLo                                0x08006a32   Data         256  crc8_16.o(.constdata)
    __mathlib_zero                           0x08006bc0   Data           8  qnan.o(.constdata)
    Region$$Table$$Base                      0x08006bc8   Number         0  anon$$obj.o(Region$$Table)
    Region$$Table$$Limit                     0x08006be8   Number         0  anon$$obj.o(Region$$Table)
    rcc_flag                                 0x20000000   Data           1  main.o(.data)
    flag_i                                   0x20000001   Data           1  main.o(.data)
    Alarm_flag_0                             0x20000002   Data           1  main.o(.data)
    Alarm_flag_1                             0x20000003   Data           1  main.o(.data)
    voltage                                  0x20000004   Data           2  main.o(.data)
    flash_num                                0x20000008   Data           4  main.o(.data)
    bj0                                      0x20000010   Data           8  main.o(.data)
    bj1                                      0x20000018   Data           8  main.o(.data)
    start_addr                               0x20000020   Data           4  main.o(.data)
    CRCValue232_H                            0x20000024   Data           1  stm32f10x_it.o(.data)
    CRCValue232_L                            0x20000025   Data           1  stm32f10x_it.o(.data)
    k1                                       0x20000026   Data           1  stm32f10x_it.o(.data)
    CRCValue232                              0x20000028   Data           2  stm32f10x_it.o(.data)
    t1_232                                   0x2000002c   Data           4  stm32f10x_it.o(.data)
    t2_232                                   0x20000030   Data           4  stm32f10x_it.o(.data)
    seat1                                    0x20000034   Data           4  stm32f10x_it.o(.data)
    time_s                                   0x20000038   Data           4  stm32f10x_it.o(.data)
    time_data                                0x2000003c   Data           4  stm32f10x_it.o(.data)
    buzzer_flag                              0x20000040   Data           4  stm32f10x_it.o(.data)
    modbus                                   0x20000044   Data           6  stm32f10x_it.o(.data)
    SystemCoreClock                          0x20000060   Data           4  system_stm32f10x.o(.data)
    AHBPrescTable                            0x20000064   Data          16  system_stm32f10x.o(.data)
    TimeDisplay                              0x20000074   Data           1  rtc.o(.data)
    start_voltage0                           0x2000007c   Data           4  adc.o(.data)
    start_voltage1                           0x20000080   Data           4  adc.o(.data)
    DataVar                                  0x20000084   Data           2  eeprom.o(.data)
    VirtAddVarTab                            0x20000086   Data           6  eeprom.o(.data)
    GPIOStru                                 0x2000008c   Data           4  display12864.o(.data)
    day_day                                  0x20000090   Data           1  show.o(.data)
    flag_Led                                 0x20000094   Data           1  operating.o(.data)
    flag_Relay                               0x20000095   Data           1  operating.o(.data)
    flag_Buzzer                              0x20000096   Data           1  operating.o(.data)
    Band_Rate                                0x20000098   Data           2  operating.o(.data)
    Data_bits                                0x2000009a   Data           2  operating.o(.data)
    start_v                                  0x2000009c   Data           2  operating.o(.data)
    Device_Add                               0x2000009e   Data           2  operating.o(.data)
    Stop_bits                                0x200000a0   Data           2  operating.o(.data)
    flag_debug                               0x200000a4   Data           4  operating.o(.data)
    flagTime                                 0x200000a8   Data           4  operating.o(.data)
    hh_H                                     0x200000ac   Data           4  operating.o(.data)
    hh_L                                     0x200000b0   Data           4  operating.o(.data)
    mm_H                                     0x200000b4   Data           4  operating.o(.data)
    mm_L                                     0x200000b8   Data           4  operating.o(.data)
    ss_H                                     0x200000bc   Data           4  operating.o(.data)
    ss_L                                     0x200000c0   Data           4  operating.o(.data)
    year_H                                   0x200000c4   Data           4  operating.o(.data)
    year_L                                   0x200000c8   Data           4  operating.o(.data)
    month_H                                  0x200000cc   Data           4  operating.o(.data)
    month_L                                  0x200000d0   Data           4  operating.o(.data)
    day_H                                    0x200000d4   Data           4  operating.o(.data)
    day_L                                    0x200000d8   Data           4  operating.o(.data)
    fault_num                                0x200000dc   Data           4  operating.o(.data)
    buzzer_tick_flag                         0x200000e0   Data           4  operating.o(.data)
    CRCValue485_H                            0x200000e4   Data           1  rs485.o(.data)
    CRCValue485_L                            0x200000e5   Data           1  rs485.o(.data)
    CRCValue485                              0x200000e6   Data           2  rs485.o(.data)
    t1_485                                   0x200000e8   Data           4  rs485.o(.data)
    t2_485                                   0x200000ec   Data           4  rs485.o(.data)
    seat2                                    0x200000f0   Data           4  rs485.o(.data)
    RxBuffer2                                0x200000f4   Data           8  rs485.o(.data)
    flash_cache                              0x20000100   Data         700  main.o(.bss)
    RX_flash_232                             0x200003bc   Data        1000  stm32f10x_it.o(.bss)
    TX_flash_232                             0x200007a4   Data         500  stm32f10x_it.o(.bss)
    ad_data                                  0x20000998   Data          80  stm32f10x_it.o(.bss)
    RxBuffer1                                0x200009e8   Data          50  stm32f10x_it.o(.bss)
    timer                                    0x20000a1a   Data          10  rtc.o(.bss)
    ADC1_Value                               0x20000a24   Data         400  adc.o(.bss)
    ADC1_0                                   0x20000bb4   Data         200  adc.o(.bss)
    ADC1_1                                   0x20000c7c   Data         200  adc.o(.bss)
    frecord                                  0x20000d44   Data          14  read_write_flash.o(.bss)
    RX_flash_485                             0x20000d52   Data        1000  rs485.o(.bss)
    TX_flash_485                             0x2000113a   Data         500  rs485.o(.bss)
    __initial_sp                             0x20001730   Data           0  startup_stm32f10x_hd.o(STACK)



==============================================================================

Memory Map of the image

  Image Entry point : 0x08000131

  Load Region LR_IROM1 (Base: 0x08000000, Size: 0x00006ce8, Max: 0x00080000, ABSOLUTE)

    Execution Region ER_IROM1 (Base: 0x08000000, Size: 0x00006be8, Max: 0x00080000, ABSOLUTE)

    Base Addr    Size         Type   Attr      Idx    E Section Name        Object

    0x08000000   0x00000130   Data   RO            3    RESET               startup_stm32f10x_hd.o
    0x08000130   0x00000000   Code   RO          859  * .ARM.Collect$$$$00000000  mc_w.l(entry.o)
    0x08000130   0x00000004   Code   RO          895    .ARM.Collect$$$$00000001  mc_w.l(entry2.o)
    0x08000134   0x00000004   Code   RO          898    .ARM.Collect$$$$00000004  mc_w.l(entry5.o)
    0x08000138   0x00000000   Code   RO          900    .ARM.Collect$$$$00000008  mc_w.l(entry7b.o)
    0x08000138   0x00000000   Code   RO          902    .ARM.Collect$$$$0000000A  mc_w.l(entry8b.o)
    0x08000138   0x00000008   Code   RO          903    .ARM.Collect$$$$0000000B  mc_w.l(entry9a.o)
    0x08000140   0x00000000   Code   RO          905    .ARM.Collect$$$$0000000D  mc_w.l(entry10a.o)
    0x08000140   0x00000000   Code   RO          907    .ARM.Collect$$$$0000000F  mc_w.l(entry11a.o)
    0x08000140   0x00000004   Code   RO          896    .ARM.Collect$$$$00002712  mc_w.l(entry2.o)
    0x08000144   0x00000024   Code   RO            4    .text               startup_stm32f10x_hd.o
    0x08000168   0x00000404   Code   RO           10    .text               main.o
    0x0800056c   0x000002d0   Code   RO          169    .text               stm32f10x_it.o
    0x0800083c   0x000000b0   Code   RO          293    .text               misc.o
    0x080008ec   0x00000330   Code   RO          305    .text               stm32f10x_adc.o
    0x08000c1c   0x00000098   Code   RO          317    .text               stm32f10x_bkp.o
    0x08000cb4   0x000001c8   Code   RO          389    .text               stm32f10x_dma.o
    0x08000e7c   0x000000e8   Code   RO          401    .text               stm32f10x_exti.o
    0x08000f64   0x0000047c   Code   RO          413    .text               stm32f10x_flash.o
    0x080013e0   0x00000264   Code   RO          438    .text               stm32f10x_gpio.o
    0x08001644   0x000000ac   Code   RO          474    .text               stm32f10x_pwr.o
    0x080016f0   0x000002b8   Code   RO          486    .text               stm32f10x_rcc.o
    0x080019a8   0x00000110   Code   RO          500    .text               stm32f10x_rtc.o
    0x08001ab8   0x00000af4   Code   RO          537    .text               stm32f10x_tim.o
    0x080025ac   0x00000330   Code   RO          550    .text               stm32f10x_usart.o
    0x080028dc   0x00000158   Code   RO          584    .text               system_stm32f10x.o
    0x08002a34   0x000003b4   Code   RO          602    .text               rtc.o
    0x08002de8   0x00000074   Code   RO          623    .text               delay.o
    0x08002e5c   0x00000082   Code   RO          637    .text               time_test.o
    0x08002ede   0x00000002   PAD
    0x08002ee0   0x000001fc   Code   RO          658    .text               adc.o
    0x080030dc   0x00000168   Code   RO          675    .text               key.o
    0x08003244   0x000002b8   Code   RO          687    .text               eeprom.o
    0x080034fc   0x000002d0   Code   RO          702    .text               display12864.o
    0x080037cc   0x00000dbc   Code   RO          718    .text               show.o
    0x08004588   0x00000b78   Code   RO          738    .text               operating.o
    0x08005100   0x00000064   Code   RO          757    .text               crc8_16.o
    0x08005164   0x00000150   Code   RO          775    .text               read_write_flash.o
    0x080052b4   0x00000228   Code   RO          794    .text               rs485.o
    0x080054dc   0x000001a8   Code   RO          819    .text               uart1.o
    0x08005684   0x0000006c   Code   RO          862    .text               mf_w.l(fmul.o)
    0x080056f0   0x0000014e   Code   RO          864    .text               mf_w.l(dadd.o)
    0x0800583e   0x000000e4   Code   RO          866    .text               mf_w.l(dmul.o)
    0x08005922   0x000000de   Code   RO          868    .text               mf_w.l(ddiv.o)
    0x08005a00   0x0000002e   Code   RO          870    .text               mf_w.l(dscalb.o)
    0x08005a2e   0x0000000a   Code   RO          872    .text               mf_w.l(ffltui.o)
    0x08005a38   0x00000022   Code   RO          874    .text               mf_w.l(dflti.o)
    0x08005a5a   0x0000001a   Code   RO          876    .text               mf_w.l(dfltui.o)
    0x08005a74   0x00000032   Code   RO          878    .text               mf_w.l(ffixi.o)
    0x08005aa6   0x00000032   Code   RO          880    .text               mf_w.l(dfixui.o)
    0x08005ad8   0x00000026   Code   RO          882    .text               mf_w.l(f2d.o)
    0x08005afe   0x00000002   PAD
    0x08005b00   0x00000028   Code   RO          884    .text               mf_w.l(cdcmple.o)
    0x08005b28   0x00000038   Code   RO          886    .text               mf_w.l(d2f.o)
    0x08005b60   0x0000001e   Code   RO          909    .text               mc_w.l(llshl.o)
    0x08005b7e   0x00000020   Code   RO          911    .text               mc_w.l(llushr.o)
    0x08005b9e   0x00000024   Code   RO          913    .text               mc_w.l(llsshr.o)
    0x08005bc2   0x00000000   Code   RO          922    .text               mc_w.l(iusefp.o)
    0x08005bc2   0x0000006c   Code   RO          923    .text               mf_w.l(fepilogue.o)
    0x08005c2e   0x000000be   Code   RO          925    .text               mf_w.l(depilogue.o)
    0x08005cec   0x000000a2   Code   RO          927    .text               mf_w.l(dsqrt.o)
    0x08005d8e   0x00000002   PAD
    0x08005d90   0x00000028   Code   RO          929    .text               mf_w.l(cdrcmple.o)
    0x08005db8   0x00000024   Code   RO          931    .text               mc_w.l(init.o)
    0x08005ddc   0x00000028   Code   RO          890    i.__ARM_fpclassify  m_ws.l(fpclassify.o)
    0x08005e04   0x000000aa   Code   RO          892    i.__kernel_poly     m_ws.l(poly.o)
    0x08005eae   0x00000002   PAD
    0x08005eb0   0x00000010   Code   RO          888    i.__mathlib_dbl_underflow  m_ws.l(dunder.o)
    0x08005ec0   0x0000000e   Code   RO          935    i.__scatterload_copy  mc_w.l(handlers.o)
    0x08005ece   0x00000002   Code   RO          936    i.__scatterload_null  mc_w.l(handlers.o)
    0x08005ed0   0x0000000e   Code   RO          937    i.__scatterload_zeroinit  mc_w.l(handlers.o)
    0x08005ede   0x00000002   PAD
    0x08005ee0   0x0000000c   Code   RO          917    i.__set_errno       mc_w.l(errno.o)
    0x08005eec   0x000009e0   Code   RO          842    i.pow               m_ws.l(pow.o)
    0x080068cc   0x0000004e   Code   RO          852    i.sqrt              m_ws.l(sqrt.o)
    0x0800691a   0x00000018   Data   RO          604    .constdata          rtc.o
    0x08006932   0x00000200   Data   RO          758    .constdata          crc8_16.o
    0x08006b32   0x00000006   PAD
    0x08006b38   0x00000088   Data   RO          843    .constdata          m_ws.l(pow.o)
    0x08006bc0   0x00000008   Data   RO          894    .constdata          m_ws.l(qnan.o)
    0x08006bc8   0x00000020   Data   RO          933    Region$$Table       anon$$obj.o


    Execution Region RW_IRAM1 (Base: 0x20000000, Size: 0x00001730, Max: 0x00010000, ABSOLUTE)

    Base Addr    Size         Type   Attr      Idx    E Section Name        Object

    0x20000000   0x00000020   Data   RW           13    .data               main.o
    0x20000020   0x00000004   Data   RW           14    .data               main.o
    0x20000024   0x00000026   Data   RW          171    .data               stm32f10x_it.o
    0x2000004a   0x00000014   Data   RW          487    .data               stm32f10x_rcc.o
    0x2000005e   0x00000002   PAD
    0x20000060   0x00000014   Data   RW          585    .data               system_stm32f10x.o
    0x20000074   0x00000004   Data   RW          605    .data               rtc.o
    0x20000078   0x00000004   Data   RW          624    .data               delay.o
    0x2000007c   0x00000008   Data   RW          660    .data               adc.o
    0x20000084   0x00000008   Data   RW          688    .data               eeprom.o
    0x2000008c   0x00000004   Data   RW          703    .data               display12864.o
    0x20000090   0x00000001   Data   RW          719    .data               show.o
    0x20000091   0x00000003   PAD
    0x20000094   0x0000004c   Data   RW          739    .data               operating.o
    0x200000e0   0x00000004   Data   RW          742    .data               operating.o
    0x200000e4   0x00000018   Data   RW          796    .data               rs485.o
    0x200000fc   0x00000004   Data   RW          918    .data               mc_w.l(errno.o)
    0x20000100   0x000002bc   Zero   RW           11    .bss                main.o
    0x200003bc   0x0000065e   Zero   RW          170    .bss                stm32f10x_it.o
    0x20000a1a   0x0000000a   Zero   RW          603    .bss                rtc.o
    0x20000a24   0x00000320   Zero   RW          659    .bss                adc.o
    0x20000d44   0x0000000e   Zero   RW          776    .bss                read_write_flash.o
    0x20000d52   0x000005dc   Zero   RW          795    .bss                rs485.o
    0x2000132e   0x00000002   PAD
    0x20001330   0x00000400   Zero   RW            1    STACK               startup_stm32f10x_hd.o


==============================================================================

Image component sizes


      Code (inc. data)   RO Data    RW Data    ZI Data      Debug   Object Name

       508         34          0          8        800       2691   adc.o
       100          4        512          0          0       1395   crc8_16.o
       116          6          0          4          0        967   delay.o
       720         16          0          4          0       3401   display12864.o
       696         12          0          8          0       3499   eeprom.o
       360         10          0          0          0       1526   key.o
      1028        144          0         36        700     283407   main.o
       176         18          0          0          0       1597   misc.o
      2936         72          0         80          0       4100   operating.o
       336         18          0          0         14       3427   read_write_flash.o
       552         36          0         24       1500       2546   rs485.o
       948         24         24          4         10       3663   rtc.o
      3516        610          0          1          0       6759   show.o
        36          8        304          0       1024        808   startup_stm32f10x_hd.o
       816         24          0          0          0       9349   stm32f10x_adc.o
       152          8          0          0          0       3232   stm32f10x_bkp.o
       456         10          0          0          0       4018   stm32f10x_dma.o
       232          8          0          0          0       2035   stm32f10x_exti.o
      1148         22          0          0          0       7916   stm32f10x_flash.o
       612         36          0          0          0       4865   stm32f10x_gpio.o
       720         34          0         38       1630     240927   stm32f10x_it.o
       172         12          0          0          0       1735   stm32f10x_pwr.o
       696         34          0         20          0       7976   stm32f10x_rcc.o
       272          6          0          0          0       2836   stm32f10x_rtc.o
      2804         86          0          0          0      18078   stm32f10x_tim.o
       816         20          0          0          0       7204   stm32f10x_usart.o
       344         34          0         20          0       1763   system_stm32f10x.o
       130          0          0          0          0        713   time_test.o
       424         10          0          0          0       3600   uart1.o

    ----------------------------------------------------------------------
     21824       1356        878        252       5680     636033   Object Totals
         0          0         32          0          0          0   (incl. Generated)
         2          0          6          5          2          0   (incl. Padding)

    ----------------------------------------------------------------------

      Code (inc. data)   RO Data    RW Data    ZI Data      Debug   Library Member Name

        16          6          0          0          0         68   dunder.o
        40          0          0          0          0         68   fpclassify.o
       170          0          0          0          0         96   poly.o
      2528        190        136          0          0        316   pow.o
         0          0          8          0          0          0   qnan.o
        78          0          0          0          0         84   sqrt.o
         0          0          0          0          0          0   entry.o
         0          0          0          0          0          0   entry10a.o
         0          0          0          0          0          0   entry11a.o
         8          4          0          0          0          0   entry2.o
         4          0          0          0          0          0   entry5.o
         0          0          0          0          0          0   entry7b.o
         0          0          0          0          0          0   entry8b.o
         8          4          0          0          0          0   entry9a.o
        12          6          0          4          0         68   errno.o
        30          0          0          0          0          0   handlers.o
        36          8          0          0          0         68   init.o
         0          0          0          0          0          0   iusefp.o
        30          0          0          0          0         68   llshl.o
        36          0          0          0          0         68   llsshr.o
        32          0          0          0          0         68   llushr.o
        40          2          0          0          0         68   cdcmple.o
        40          2          0          0          0         68   cdrcmple.o
        56          0          0          0          0         88   d2f.o
       334          0          0          0          0        144   dadd.o
       222          0          0          0          0        100   ddiv.o
       190          0          0          0          0        176   depilogue.o
        50          0          0          0          0         76   dfixui.o
        34          0          0          0          0         76   dflti.o
        26          0          0          0          0         76   dfltui.o
       228          0          0          0          0         92   dmul.o
        46          0          0          0          0         80   dscalb.o
       162          0          0          0          0        100   dsqrt.o
        38          0          0          0          0         68   f2d.o
       108          0          0          0          0        168   fepilogue.o
        50          0          0          0          0         68   ffixi.o
        10          0          0          0          0         68   ffltui.o
       108          0          0          0          0         76   fmul.o

    ----------------------------------------------------------------------
      4778        222        144          4          0       2564   Library Totals
         8          0          0          0          0          0   (incl. Padding)

    ----------------------------------------------------------------------

      Code (inc. data)   RO Data    RW Data    ZI Data      Debug   Library Name

      2832        196        144          0          0        632   m_ws.l
       196         22          0          4          0        340   mc_w.l
      1742          4          0          0          0       1592   mf_w.l

    ----------------------------------------------------------------------
      4778        222        144          4          0       2564   Library Totals

    ----------------------------------------------------------------------

==============================================================================


      Code (inc. data)   RO Data    RW Data    ZI Data      Debug   

     26602       1578       1022        256       5680     633293   Grand Totals
     26602       1578       1022        256       5680     633293   ELF Image Totals
     26602       1578       1022        256          0          0   ROM Totals

==============================================================================

    Total RO  Size (Code + RO Data)                27624 (  26.98kB)
    Total RW  Size (RW Data + ZI Data)              5936 (   5.80kB)
    Total ROM Size (Code + RO Data + RW Data)      27880 (  27.23kB)

==============================================================================

